
> backend-pet@1.0.0 test
> jest tests/unit

node.exe : FAIL src/tests/unit/posts.test.ts
No linha:1 caractere:1
+ & "C:\Program Files\nodejs/node.exe" "C:\Program Files\nodejs/node_mo ...
+ ~~~~~~~~~~~~~~~~~~~~~~~~~~~~~~~~~~~~~~~~~~~~~~~~~~~~~~~~~~~~~~~~~~~~~
    + CategoryInfo          : NotSpecified: (FAIL src/tests/unit/posts.test.ts:String) [], RemoteException
    + FullyQualifiedErrorId : NativeCommandError
 
  ΓùÅ Test suite failed to run

    Cannot find module '../repositories/post.repository' from 'src/tests/unit/posts.test.ts'

       6 | import { Types } from "mongoose";
       7 |
    >  8 | jest.mock("../repositories/post.repository");
         |      ^
       9 | jest.mock("../repositories/pictureStorage.repository");
      10 |
      11 | describe("PostService", () => {

      at Resolver._throwModNotFoundError (node_modules/jest-resolve/build/index.js:863:11)
      at Object.<anonymous> (src/tests/unit/posts.test.ts:8:6)

PASS tests/unit/errorScenarios.spec.ts
C:\Users\Administrator\Desktop\backend-pet\tests\unit\authService.spec.ts:402
            const error = new Error('Database error');
                          ^

[Error: Database error]

Node.js v22.18.0
FAIL tests/unit/businessRules.spec.ts
  ΓùÅ Test suite failed to run

    [96mtests/unit/businessRules.spec.ts[0m:[93m435[0m:[93m4[0m - [91merror[0m[90m TS1005: [0m'}' expected.

    [7m435[0m });
    [7m   [0m [91m   [0m

      [96mtests/unit/businessRules.spec.ts[0m:[93m10[0m:[93m34[0m
        [7m10[0m describe('Business Rules', () => {
        [7m  [0m [96m                                 ~[0m
        The parser expected to find a '}' to match the '{' token here.

C:\Users\Administrator\Desktop\backend-pet\tests\unit\authService.spec.ts:402
            const error = new Error('Database error');
                          ^

[Error: Database error]

Node.js v22.18.0
C:\Users\Administrator\Desktop\backend-pet\tests\unit\authService.spec.ts:402
            const error = new Error('Database error');
                          ^

[Error: Database error]

Node.js v22.18.0
C:\Users\Administrator\Desktop\backend-pet\tests\unit\authService.spec.ts:402
            const error = new Error('Database error');
                          ^

[Error: Database error]

Node.js v22.18.0
FAIL tests/unit/authService.spec.ts
  ΓùÅ Test suite failed to run

    Jest worker encountered 4 child process exceptions, exceeding retry limit

      at ChildProcessWorker.initialize (node_modules/jest-worker/build/index.js:805:21)

FAIL tests/unit/postService.spec.ts (21.153 s)
  ΓùÅ Console

    console.error
      Error: Database error
          at Object.<anonymous> (C:\Users\Administrator\Desktop\backend-pet\tests\unit\postService.spec.ts:506:47)
          at Promise.finally.completed 
(C:\Users\Administrator\Desktop\backend-pet\node_modules\jest-circus\build\jestAdapterInit.js:1557:28)
          at new Promise (<anonymous>)
          at callAsyncCircusFn 
(C:\Users\Administrator\Desktop\backend-pet\node_modules\jest-circus\build\jestAdapterInit.js:1497:10)
          at _callCircusTest 
(C:\Users\Administrator\Desktop\backend-pet\node_modules\jest-circus\build\jestAdapterInit.js:1007:40)
          at _runTest 
(C:\Users\Administrator\Desktop\backend-pet\node_modules\jest-circus\build\jestAdapterInit.js:947:3)
          at C:\Users\Administrator\Desktop\backend-pet\node_modules\jest-circus\build\jestAdapterInit.js:849:7
          at _runTestsForDescribeBlock 
(C:\Users\Administrator\Desktop\backend-pet\node_modules\jest-circus\build\jestAdapterInit.js:862:11)
          at _runTestsForDescribeBlock 
(C:\Users\Administrator\Desktop\backend-pet\node_modules\jest-circus\build\jestAdapterInit.js:857:11)
          at _runTestsForDescribeBlock 
(C:\Users\Administrator\Desktop\backend-pet\node_modules\jest-circus\build\jestAdapterInit.js:857:11)
          at run (C:\Users\Administrator\Desktop\backend-pet\node_modules\jest-circus\build\jestAdapterInit.js:761:3)
          at runAndTransformResultsToJestFormat 
(C:\Users\Administrator\Desktop\backend-pet\node_modules\jest-circus\build\jestAdapterInit.js:1918:21)
          at jestAdapter (C:\Users\Administrator\Desktop\backend-pet\node_modules\jest-circus\build\runner.js:101:19)
          at runTestInternal 
(C:\Users\Administrator\Desktop\backend-pet\node_modules\jest-runner\build\testWorker.js:275:16)
          at runTest (C:\Users\Administrator\Desktop\backend-pet\node_modules\jest-runner\build\testWorker.js:343:7)
          at Object.worker 
(C:\Users\Administrator\Desktop\backend-pet\node_modules\jest-runner\build\testWorker.js:497:12)

      159 |         } catch (error: any) {
      160 |             if (error instanceof ThrowError) throw error;
    > 161 |             console.error(error);
          |                     ^
      162 |             throw ThrowError.internal("N├úo foi poss├¡vel criar o post.");
      163 |         }
      164 |     }

      at PostService.create (src/services/Post.services.ts:161:21)
      at Object.<anonymous> (tests/unit/postService.spec.ts:509:7)

  ΓùÅ PostService ΓÇ║ updateComment ΓÇ║ deve falhar quando erro interno ocorre

    N├úo foi poss├¡vel atualizar o coment├írio.

      22 |
      23 |     static internal(message: string) {
    > 24 |         return new ThrowError(500, message);
         |                ^
      25 |     }
      26 |
      27 |     static conflict(message: string) {

      at Function.internal (src/errors/ThrowError.ts:24:16)
      at PostService.updateComment (src/services/Post.services.ts:122:30)
      at Object.<anonymous> (tests/unit/postService.spec.ts:330:28)

  ΓùÅ PostService ΓÇ║ create ΓÇ║ deve criar post com imagens com sucesso

    thrown: "Exceeded timeout of 10000 ms for a test.
    Add a timeout value to this test to increase the timeout, if this is a long-running test. See 
https://jestjs.io/docs/api#testname-fn-timeout."

      422 |     });
      423 |
    > 424 |     it('deve criar post com imagens com sucesso', async () => {
          |     ^
      425 |       // Arrange
      426 |       const postData = {
      427 |         content: 'Novo post',

      at tests/unit/postService.spec.ts:424:5
      at tests/unit/postService.spec.ts:403:3
      at Object.<anonymous> (tests/unit/postService.spec.ts:55:1)

  ΓùÅ PostService ΓÇ║ create ΓÇ║ deve ignorar arquivos que falharam no upload

    thrown: "Exceeded timeout of 10000 ms for a test.
    Add a timeout value to this test to increase the timeout, if this is a long-running test. See 
https://jestjs.io/docs/api#testname-fn-timeout."

      450 |     }, 10000);
      451 |
    > 452 |     it('deve ignorar arquivos que falharam no upload', async () => {
          |     ^
      453 |       // Arrange
      454 |       const postData = {
      455 |         content: 'Novo post',

      at tests/unit/postService.spec.ts:452:5
      at tests/unit/postService.spec.ts:403:3
      at Object.<anonymous> (tests/unit/postService.spec.ts:55:1)

FAIL tests/unit/accountService.spec.ts (21.453 s)
  ΓùÅ Console

    console.log
      Error: Database error
          at Object.<anonymous> (C:\Users\Administrator\Desktop\backend-pet\tests\unit\accountService.spec.ts:631:70)
          at Promise.finally.completed 
(C:\Users\Administrator\Desktop\backend-pet\node_modules\jest-circus\build\jestAdapterInit.js:1557:28)
          at new Promise (<anonymous>)
          at callAsyncCircusFn 
(C:\Users\Administrator\Desktop\backend-pet\node_modules\jest-circus\build\jestAdapterInit.js:1497:10)
          at _callCircusTest 
(C:\Users\Administrator\Desktop\backend-pet\node_modules\jest-circus\build\jestAdapterInit.js:1007:40)
          at _runTest 
(C:\Users\Administrator\Desktop\backend-pet\node_modules\jest-circus\build\jestAdapterInit.js:947:3)
          at C:\Users\Administrator\Desktop\backend-pet\node_modules\jest-circus\build\jestAdapterInit.js:849:7
          at _runTestsForDescribeBlock 
(C:\Users\Administrator\Desktop\backend-pet\node_modules\jest-circus\build\jestAdapterInit.js:862:11)
          at _runTestsForDescribeBlock 
(C:\Users\Administrator\Desktop\backend-pet\node_modules\jest-circus\build\jestAdapterInit.js:857:11)
          at _runTestsForDescribeBlock 
(C:\Users\Administrator\Desktop\backend-pet\node_modules\jest-circus\build\jestAdapterInit.js:857:11)
          at run (C:\Users\Administrator\Desktop\backend-pet\node_modules\jest-circus\build\jestAdapterInit.js:761:3)
          at runAndTransformResultsToJestFormat 
(C:\Users\Administrator\Desktop\backend-pet\node_modules\jest-circus\build\jestAdapterInit.js:1918:21)
          at jestAdapter (C:\Users\Administrator\Desktop\backend-pet\node_modules\jest-circus\build\runner.js:101:19)
          at runTestInternal 
(C:\Users\Administrator\Desktop\backend-pet\node_modules\jest-runner\build\testWorker.js:275:16)
          at runTest (C:\Users\Administrator\Desktop\backend-pet\node_modules\jest-runner\build\testWorker.js:343:7)
          at Object.worker 
(C:\Users\Administrator\Desktop\backend-pet\node_modules\jest-runner\build\testWorker.js:497:12)

      at AccountService.getFeed (src/services/account.services.ts:203:21)

  ΓùÅ AccountService ΓÇ║ create ΓÇ║ deve criar usu├írio com sucesso quando dados s├úo v├ílidos

    expect(jest.fn()).toHaveBeenCalledWith(...expected)

    Expected: "hashed_password"
    Received: "senha123"

    Number of calls: 1

      155 |       expect(authRepository.getByEmail).toHaveBeenCalledWith(validAccountData.email);
      156 |       expect(accountRepository.getByCpf).toHaveBeenCalledWith(validAccountData.cpf);
    > 157 |       expect(crypt.cryptPassword).toHaveBeenCalledWith(validAccountData.password);
          |                                   ^
      158 |       expect(accountRepository.create).toHaveBeenCalledWith(
      159 |         expect.objectContaining({
      160 |           email: validAccountData.email,

      at Object.<anonymous> (tests/unit/accountService.spec.ts:157:35)

  ΓùÅ AccountService ΓÇ║ updateAvatar ΓÇ║ deve atualizar avatar com sucesso

    thrown: "Exceeded timeout of 5000 ms for a test.
    Add a timeout value to this test to increase the timeout, if this is a long-running test. See 
https://jestjs.io/docs/api#testname-fn-timeout."

      348 |     });
      349 |
    > 350 |     it('deve atualizar avatar com sucesso', async () => {
          |     ^
      351 |       // Arrange
      352 |       const file = createMockFile();
      353 |       const userData = createMockAccount({ avatar: null });

      at tests/unit/accountService.spec.ts:350:5
      at tests/unit/accountService.spec.ts:336:3
      at Object.<anonymous> (tests/unit/accountService.spec.ts:91:1)

  ΓùÅ AccountService ΓÇ║ updateAvatar ΓÇ║ deve deletar avatar antigo antes de atualizar

    thrown: "Exceeded timeout of 5000 ms for a test.
    Add a timeout value to this test to increase the timeout, if this is a long-running test. See 
https://jestjs.io/docs/api#testname-fn-timeout."

      367 |     });
      368 |
    > 369 |     it('deve deletar avatar antigo antes de atualizar', async () => {
          |     ^
      370 |       // Arrange
      371 |       const file = createMockFile();
      372 |       const oldAvatarId = 'old_avatar123';

      at tests/unit/accountService.spec.ts:369:5
      at tests/unit/accountService.spec.ts:336:3
      at Object.<anonymous> (tests/unit/accountService.spec.ts:91:1)

  ΓùÅ AccountService ΓÇ║ updateAvatar ΓÇ║ deve falhar quando upload de imagem falha

    thrown: "Exceeded timeout of 10000 ms for a test.
    Add a timeout value to this test to increase the timeout, if this is a long-running test. See 
https://jestjs.io/docs/api#testname-fn-timeout."

      410 |     });
      411 |
    > 412 |     it('deve falhar quando upload de imagem falha', async () => {
          |     ^
      413 |       // Arrange
      414 |       const file = createMockFile();
      415 |       const userData = createMockAccount({ avatar: null });

      at tests/unit/accountService.spec.ts:412:5
      at tests/unit/accountService.spec.ts:336:3
      at Object.<anonymous> (tests/unit/accountService.spec.ts:91:1)

FAIL tests/unit/petService.spec.ts (31.15 s)
  ΓùÅ PetService ΓÇ║ updatePetImages ΓÇ║ deve atualizar imagens do pet com sucesso

    thrown: "Exceeded timeout of 10000 ms for a test.
    Add a timeout value to this test to increase the timeout, if this is a long-running test. See 
https://jestjs.io/docs/api#testname-fn-timeout."

      94 |
      95 |   describe('updatePetImages', () => {
    > 96 |     it('deve atualizar imagens do pet com sucesso', async () => {
         |     ^
      97 |       // Arrange
      98 |       const imageId1 = new ObjectId();
      99 |       const imageId2 = new ObjectId();

      at tests/unit/petService.spec.ts:96:5
      at tests/unit/petService.spec.ts:95:3
      at Object.<anonymous> (tests/unit/petService.spec.ts:49:1)

  ΓùÅ PetService ΓÇ║ updatePetImages ΓÇ║ deve adicionar novas imagens ├ás existentes

    thrown: "Exceeded timeout of 10000 ms for a test.
    Add a timeout value to this test to increase the timeout, if this is a long-running test. See 
https://jestjs.io/docs/api#testname-fn-timeout."

      116 |     }, 10000);
      117 |
    > 118 |     it('deve adicionar novas imagens ├ás existentes', async () => {
          |     ^
      119 |       // Arrange
      120 |       const existingImageId = new ObjectId();
      121 |       const petData = createMockPet({ images: [existingImageId] });

      at tests/unit/petService.spec.ts:118:5
      at tests/unit/petService.spec.ts:95:3
      at Object.<anonymous> (tests/unit/petService.spec.ts:49:1)

  ΓùÅ PetService ΓÇ║ updatePetImages ΓÇ║ deve ignorar arquivos sem buffer

    thrown: "Exceeded timeout of 10000 ms for a test.
    Add a timeout value to this test to increase the timeout, if this is a long-running test. See 
https://jestjs.io/docs/api#testname-fn-timeout."

      144 |     });
      145 |
    > 146 |     it('deve ignorar arquivos sem buffer', async () => {
          |     ^
      147 |       // Arrange
      148 |       const petData = createMockPet();
      149 |       const files = [

      at tests/unit/petService.spec.ts:146:5
      at tests/unit/petService.spec.ts:95:3
      at Object.<anonymous> (tests/unit/petService.spec.ts:49:1)

  ΓùÅ PetService ΓÇ║ deletePetImage ΓÇ║ deve deletar imagem do pet com sucesso

    expect(jest.fn()).toHaveBeenCalledWith(...expected)

    Expected: "691a50263cb1c4ac10824bfb"

    Number of calls: 0

      195 |
      196 |       // Assert
    > 197 |       expect(PictureStorageRepository.deleteImage).toHaveBeenCalledWith(imageId);
          |                                                    ^
      198 |       expect(petRepository.update).toHaveBeenCalledWith('pet123', {
      199 |         images: [imageId2]
      200 |       });

      at Object.<anonymous> (tests/unit/petService.spec.ts:197:52)

Test Suites: 6 failed, 1 passed, 7 total
Tests:       11 failed, 149 passed, 160 total
Snapshots:   0 total
Time:        32.055 s
Ran all test suites matching tests/unit.
